warning: unused import: `std::path::PathBuf`
 --> crates/backtest/src/scenarios/tcn_overlay_weights.rs:9:5
  |
9 | use std::path::PathBuf;
  |     ^^^^^^^^^^^^^^^^^^
  |
  = note: `#[warn(unused_imports)]` (part of `#[warn(unused)]`) on by default

warning: unused import: `std::time::Instant`
  --> crates/backtest/src/scenarios/tcn_overlay_weights.rs:10:5
   |
10 | use std::time::Instant;
   |     ^^^^^^^^^^^^^^^^^^

warning: unused import: `Context`
  --> crates/backtest/src/scenarios/tcn_overlay_weights.rs:12:14
   |
12 | use anyhow::{Context, Result};
   |              ^^^^^^^

warning: unused import: `rust_decimal::Decimal`
  --> crates/backtest/src/scenarios/tcn_overlay_weights.rs:13:5
   |
13 | use rust_decimal::Decimal;
   |     ^^^^^^^^^^^^^^^^^^^^^

warning: unused import: `rust_decimal_macros::dec`
  --> crates/backtest/src/scenarios/tcn_overlay_weights.rs:14:5
   |
14 | use rust_decimal_macros::dec;
   |     ^^^^^^^^^^^^^^^^^^^^^^^^

warning: unused imports: `Bar`, `OrderKind`, `Order`, `Position`, `Price`, `Quantity`, `RiskLimits`, `Side`, `Symbol`, and `TimeInForce`
  --> crates/backtest/src/scenarios/tcn_overlay_weights.rs:16:5
   |
16 |     Bar, Order, OrderKind, Position, Price, Quantity, RiskLimits, Side, Symbol, TimeInForce,
   |     ^^^  ^^^^^  ^^^^^^^^^  ^^^^^^^^  ^^^^^  ^^^^^^^^  ^^^^^^^^^^  ^^^^  ^^^^^^  ^^^^^^^^^^^

warning: unused imports: `synthetic_bars_hourly` and `top10_symbols_with_prices`
  --> crates/backtest/src/scenarios/tcn_overlay_weights.rs:20:34
   |
20 | use crate::scenarios::momentum::{synthetic_bars_hourly, top10_symbols_with_prices};
   |                                  ^^^^^^^^^^^^^^^^^^^^^  ^^^^^^^^^^^^^^^^^^^^^^^^^

warning: `backtest` (lib) generated 7 warnings (run `cargo fix --lib -p backtest` to apply 7 suggestions)
warning: use of deprecated unit variant `ui::Screen::Home`: use Screen::Live
   --> crates/ui/src/bin/cockpit.rs:185:42
    |
185 |         cockpit.current_screen = Screen::Home;
    |                                          ^^^^
    |
    = note: `#[warn(deprecated)]` on by default

warning: `ui` (bin "cockpit") generated 1 warning
    Finished `dev` profile [unoptimized + debuginfo] target(s) in 0.39s
     Running `target/debug/cockpit`
