---
source: crates/ui/tests/panel_snapshots.rs
assertion_line: 224
expression: kill_summary(&c)
---
panel: kill
title: Stop trading
state: confirming
dialog_title: Confirm stop trading
dialog_body: This cancels every open order, sells each open position at market, and puts the agent into a halted state. Type the phrase below to confirm.
phrase_label: Type HALT BTC to confirm
typed: "HALT"
matched: false
confirm_enabled: false
input_bg: PANEL_SUNKEN
input_hairline: shadow_inset
input_border: BORDER_2
input_focus_ring: none
hint: Phrase doesn't match. Type HALT BTC exactly (case-sensitive).
confirm_label: Confirm stop
cancel_label: Cancel
