---
source: crates/ui/tests/panel_snapshots.rs
expression: "live_screen_summary(&c, ThemeMode::Dark)"
---
screen: Live
theme: dark
headline: Live
system_health_label: System health
equity_curve: Loading equity data… placeholder
kpi_strip: Backtest metrics unavailable
session_caption: Session to date
llm_spend_label: LLM spend
llm_spend_tile: —
bottom_left: positions (state=loading)
bottom_right: agent_feed (state=loading)
