---
source: crates/ui/src/widgets/activity_tape.rs
expression: summary
---
scenario=three_plus_overflow count=5 entries=[id=1 kind=YahooPreload outcome=none red_held=no, id=2 kind=YahooPreload outcome=none red_held=no, id=3 kind=YahooPreload outcome=none red_held=no, id=4 kind=YahooPreload outcome=none red_held=no, id=5 kind=YahooPreload outcome=none red_held=no]
